2025-05-03 00:25:14.785 [info] [main] Log level: Info
2025-05-03 00:25:14.785 [info] [main] Validating found git in: "git"
2025-05-03 00:25:14.785 [info] [main] Using git "2.49.0" from "git"
2025-05-03 00:25:14.785 [info] [Model][doInitialScan] Initial repository scan started
2025-05-03 00:25:14.785 [info] > git rev-parse --show-toplevel [2ms]
2025-05-03 00:25:14.785 [info] > git rev-parse --git-dir --git-common-dir [9ms]
2025-05-03 00:25:14.785 [info] [Model][openRepository] Opened repository: /home/ares/Documents/Identity-management
2025-05-03 00:25:14.835 [info] > git rev-parse --show-toplevel [37ms]
2025-05-03 00:25:14.836 [info] > git config --get commit.template [46ms]
2025-05-03 00:25:14.890 [info] > git rev-parse --show-toplevel [20ms]
2025-05-03 00:25:14.894 [info] [Model][doInitialScan] Initial repository scan completed - repositories (1), closed repositories (0), parent repositories (0), unsafe repositories (0)
2025-05-03 00:25:14.895 [info] > git for-each-ref --format=%(refname)%00%(upstream:short)%00%(objectname)%00%(upstream:track)%00%(upstream:remotename)%00%(upstream:remoteref) refs/heads/main refs/remotes/main [6ms]
2025-05-03 00:25:14.927 [info] > git for-each-ref --sort -committerdate --format %(refname)%00%(objectname)%00%(*objectname) [8ms]
2025-05-03 00:25:14.951 [info] > git status -z -uall [42ms]
2025-05-03 00:25:14.994 [info] > git for-each-ref --format=%(refname)%00%(upstream:short)%00%(objectname)%00%(upstream:track)%00%(upstream:remotename)%00%(upstream:remoteref) refs/heads/main refs/remotes/main [12ms]
2025-05-03 00:25:15.006 [info] > git config --get --local branch.main.vscode-merge-base [3ms]
2025-05-03 00:25:15.015 [info] > git config --get commit.template [23ms]
2025-05-03 00:25:15.017 [info] > git for-each-ref --format=%(refname)%00%(upstream:short)%00%(objectname)%00%(upstream:track)%00%(upstream:remotename)%00%(upstream:remoteref) refs/heads/origin/main refs/remotes/origin/main [2ms]
2025-05-03 00:25:15.045 [info] > git for-each-ref --format=%(refname)%00%(upstream:short)%00%(objectname)%00%(upstream:track)%00%(upstream:remotename)%00%(upstream:remoteref) refs/heads/main refs/remotes/main [14ms]
2025-05-03 00:25:15.045 [info] > git merge-base refs/heads/main refs/remotes/origin/main [23ms]
2025-05-03 00:25:15.052 [info] > git diff --name-status -z --diff-filter=ADMR 6da04b68e9dc39743deb405e5b6057af7646d588...refs/remotes/origin/main [1ms]
2025-05-03 00:25:15.079 [info] > git for-each-ref --sort -committerdate --format %(refname)%00%(objectname)%00%(*objectname) [2ms]
2025-05-03 00:25:15.107 [info] > git status -z -uall [43ms]
2025-05-03 00:25:15.340 [info] > git check-ignore -v -z --stdin [2ms]
2025-05-03 00:25:21.423 [info] > git config --get commit.template [5ms]
2025-05-03 00:25:21.423 [info] > git for-each-ref --format=%(refname)%00%(upstream:short)%00%(objectname)%00%(upstream:track)%00%(upstream:remotename)%00%(upstream:remoteref) refs/heads/main refs/remotes/main [1ms]
2025-05-03 00:25:21.433 [info] > git for-each-ref --sort -committerdate --format %(refname)%00%(objectname)%00%(*objectname) [1ms]
2025-05-03 00:25:21.447 [info] > git status -z -uall [19ms]
2025-05-03 00:25:25.040 [info] > git check-ignore -v -z --stdin [2ms]
2025-05-03 00:25:27.498 [info] > git check-ignore -v -z --stdin [2ms]
