2025-05-03 00:57:50.217 [info] [main] Log level: Info
2025-05-03 00:57:50.217 [info] [main] Validating found git in: "git"
2025-05-03 00:57:50.217 [info] [main] Using git "2.49.0" from "git"
2025-05-03 00:57:50.217 [info] [Model][doInitialScan] Initial repository scan started
2025-05-03 00:57:50.217 [info] > git rev-parse --show-toplevel [3ms]
2025-05-03 00:57:50.218 [info] > git rev-parse --git-dir --git-common-dir [2ms]
2025-05-03 00:57:50.232 [info] [Model][openRepository] Opened repository: /home/ares/Documents/Identity-management
2025-05-03 00:57:50.407 [info] > git rev-parse --show-toplevel [146ms]
2025-05-03 00:57:50.409 [info] > git config --get commit.template [152ms]
2025-05-03 00:57:50.489 [info] > git rev-parse --show-toplevel [22ms]
2025-05-03 00:57:50.492 [info] [Model][doInitialScan] Initial repository scan completed - repositories (1), closed repositories (0), parent repositories (0), unsafe repositories (0)
2025-05-03 00:57:50.498 [info] > git for-each-ref --format=%(refname)%00%(upstream:short)%00%(objectname)%00%(upstream:track)%00%(upstream:remotename)%00%(upstream:remoteref) refs/heads/main refs/remotes/main [11ms]
2025-05-03 00:57:50.572 [info] > git for-each-ref --sort -committerdate --format %(refname)%00%(objectname)%00%(*objectname) [4ms]
2025-05-03 00:57:50.599 [info] > git status -z -uall [45ms]
2025-05-03 00:57:50.642 [info] > git for-each-ref --format=%(refname)%00%(upstream:short)%00%(objectname)%00%(upstream:track)%00%(upstream:remotename)%00%(upstream:remoteref) refs/heads/main refs/remotes/main [16ms]
2025-05-03 00:57:50.665 [info] > git config --get --local branch.main.vscode-merge-base [11ms]
2025-05-03 00:57:50.677 [info] > git config --get commit.template [35ms]
2025-05-03 00:57:50.677 [info] > git for-each-ref --format=%(refname)%00%(upstream:short)%00%(objectname)%00%(upstream:track)%00%(upstream:remotename)%00%(upstream:remoteref) refs/heads/origin/main refs/remotes/origin/main [1ms]
2025-05-03 00:57:50.740 [info] > git merge-base refs/heads/main refs/remotes/origin/main [55ms]
2025-05-03 00:57:50.749 [info] > git diff --name-status -z --diff-filter=ADMR 6da04b68e9dc39743deb405e5b6057af7646d588...refs/remotes/origin/main [2ms]
2025-05-03 00:57:50.749 [info] > git for-each-ref --format=%(refname)%00%(upstream:short)%00%(objectname)%00%(upstream:track)%00%(upstream:remotename)%00%(upstream:remoteref) refs/heads/main refs/remotes/main [10ms]
2025-05-03 00:57:50.763 [info] > git for-each-ref --sort -committerdate --format %(refname)%00%(objectname)%00%(*objectname) [1ms]
2025-05-03 00:57:50.800 [info] > git status -z -uall [45ms]
2025-05-03 00:57:50.906 [info] > git check-ignore -v -z --stdin [1ms]
