2025-05-03 01:01:47.166 [info] [main] Log level: Info
2025-05-03 01:01:47.166 [info] [main] Validating found git in: "git"
2025-05-03 01:01:47.166 [info] [main] Using git "2.49.0" from "git"
2025-05-03 01:01:47.166 [info] [Model][doInitialScan] Initial repository scan started
2025-05-03 01:01:47.166 [info] > git rev-parse --show-toplevel [6ms]
2025-05-03 01:01:47.167 [info] > git rev-parse --git-dir --git-common-dir [4ms]
2025-05-03 01:01:47.186 [info] [Model][openRepository] Opened repository: /home/ares/Documents/Identity-management
2025-05-03 01:01:47.240 [info] > git rev-parse --show-toplevel [32ms]
2025-05-03 01:01:47.241 [info] > git config --get commit.template [40ms]
2025-05-03 01:01:47.288 [info] > git rev-parse --show-toplevel [11ms]
2025-05-03 01:01:47.292 [info] [Model][doInitialScan] Initial repository scan completed - repositories (1), closed repositories (0), parent repositories (0), unsafe repositories (0)
2025-05-03 01:01:47.319 [info] > git for-each-ref --format=%(refname)%00%(upstream:short)%00%(objectname)%00%(upstream:track)%00%(upstream:remotename)%00%(upstream:remoteref) refs/heads/main refs/remotes/main [32ms]
2025-05-03 01:01:47.518 [info] > git status -z -uall [187ms]
2025-05-03 01:01:47.519 [info] > git for-each-ref --sort -committerdate --format %(refname)%00%(objectname)%00%(*objectname) [179ms]
2025-05-03 01:01:47.572 [info] > git for-each-ref --format=%(refname)%00%(upstream:short)%00%(objectname)%00%(upstream:track)%00%(upstream:remotename)%00%(upstream:remoteref) refs/heads/main refs/remotes/main [37ms]
2025-05-03 01:01:47.592 [info] > git config --get --local branch.main.vscode-merge-base [10ms]
2025-05-03 01:01:47.599 [info] > git config --get commit.template [27ms]
2025-05-03 01:01:47.603 [info] > git for-each-ref --format=%(refname)%00%(upstream:short)%00%(objectname)%00%(upstream:track)%00%(upstream:remotename)%00%(upstream:remoteref) refs/heads/origin/main refs/remotes/origin/main [5ms]
2025-05-03 01:01:47.666 [info] > git for-each-ref --format=%(refname)%00%(upstream:short)%00%(objectname)%00%(upstream:track)%00%(upstream:remotename)%00%(upstream:remoteref) refs/heads/main refs/remotes/main [48ms]
2025-05-03 01:01:47.666 [info] > git merge-base refs/heads/main refs/remotes/origin/main [56ms]
2025-05-03 01:01:47.675 [info] > git diff --name-status -z --diff-filter=ADMR 6da04b68e9dc39743deb405e5b6057af7646d588...refs/remotes/origin/main [2ms]
2025-05-03 01:01:47.698 [info] > git for-each-ref --sort -committerdate --format %(refname)%00%(objectname)%00%(*objectname) [2ms]
2025-05-03 01:01:47.722 [info] > git status -z -uall [37ms]
2025-05-03 01:01:47.760 [info] > git check-ignore -v -z --stdin [4ms]
2025-05-03 01:12:54.818 [info] > git check-ignore -v -z --stdin [12ms]
2025-05-03 01:12:58.374 [info] > git show --textconv :backend/server.py [7ms]
2025-05-03 01:12:58.375 [info] > git ls-files --stage -- backend/server.py [2ms]
2025-05-03 01:12:58.398 [info] > git cat-file -s 2eb3ca0e09a128fb30e80e0774c197b40bb3e4c6 [17ms]
2025-05-03 01:13:00.250 [info] > git blame --root --incremental 6da04b68e9dc39743deb405e5b6057af7646d588 -- backend/server.py [6ms]
2025-05-03 01:17:57.961 [info] > git show --textconv :backend/.env [5ms]
2025-05-03 01:17:57.962 [info] > git ls-files --stage -- backend/.env [2ms]
2025-05-03 01:17:57.966 [info] > git cat-file -s 52cf3a0308ecb4e7f5ddbd4a4f4b42b25a42409d [0ms]
2025-05-03 01:29:16.660 [info] > git config --get commit.template [5ms]
2025-05-03 01:29:16.675 [info] > git for-each-ref --format=%(refname)%00%(upstream:short)%00%(objectname)%00%(upstream:track)%00%(upstream:remotename)%00%(upstream:remoteref) refs/heads/main refs/remotes/main [16ms]
2025-05-03 01:29:16.685 [info] > git for-each-ref --sort -committerdate --format %(refname)%00%(objectname)%00%(*objectname) [1ms]
2025-05-03 01:29:16.704 [info] > git status -z -uall [24ms]
2025-05-03 01:29:36.400 [info] > git blame --root --incremental 6da04b68e9dc39743deb405e5b6057af7646d588 -- backend/.env [3ms]
2025-05-03 01:31:03.080 [info] > git check-ignore -v -z --stdin [2ms]
2025-05-03 01:31:03.632 [info] > git config --get commit.template [5ms]
2025-05-03 01:31:03.633 [info] > git for-each-ref --format=%(refname)%00%(upstream:short)%00%(objectname)%00%(upstream:track)%00%(upstream:remotename)%00%(upstream:remoteref) refs/heads/main refs/remotes/main [1ms]
2025-05-03 01:31:03.645 [info] > git for-each-ref --sort -committerdate --format %(refname)%00%(objectname)%00%(*objectname) [1ms]
2025-05-03 01:31:03.659 [info] > git status -z -uall [20ms]
2025-05-03 01:31:08.195 [info] > git check-ignore -v -z --stdin [2ms]
2025-05-03 01:31:08.705 [info] > git config --get commit.template [1ms]
2025-05-03 01:31:08.711 [info] > git for-each-ref --format=%(refname)%00%(upstream:short)%00%(objectname)%00%(upstream:track)%00%(upstream:remotename)%00%(upstream:remoteref) refs/heads/main refs/remotes/main [1ms]
2025-05-03 01:31:08.723 [info] > git for-each-ref --sort -committerdate --format %(refname)%00%(objectname)%00%(*objectname) [1ms]
2025-05-03 01:31:08.736 [info] > git status -z -uall [18ms]
2025-05-03 01:31:17.196 [info] > git show --textconv :backend/server.py [8ms]
2025-05-03 01:31:17.197 [info] > git ls-files --stage -- backend/server.py [3ms]
2025-05-03 01:31:17.203 [info] > git cat-file -s 2eb3ca0e09a128fb30e80e0774c197b40bb3e4c6 [1ms]
2025-05-03 01:32:45.570 [info] > git config --get commit.template [5ms]
2025-05-03 01:32:45.570 [info] > git for-each-ref --format=%(refname)%00%(upstream:short)%00%(objectname)%00%(upstream:track)%00%(upstream:remotename)%00%(upstream:remoteref) refs/heads/main refs/remotes/main [0ms]
2025-05-03 01:32:45.582 [info] > git for-each-ref --sort -committerdate --format %(refname)%00%(objectname)%00%(*objectname) [1ms]
2025-05-03 01:32:45.594 [info] > git status -z -uall [19ms]
2025-05-03 01:34:02.265 [info] > git config --get commit.template [4ms]
2025-05-03 01:34:02.266 [info] > git for-each-ref --format=%(refname)%00%(upstream:short)%00%(objectname)%00%(upstream:track)%00%(upstream:remotename)%00%(upstream:remoteref) refs/heads/main refs/remotes/main [1ms]
2025-05-03 01:34:02.275 [info] > git for-each-ref --sort -committerdate --format %(refname)%00%(objectname)%00%(*objectname) [1ms]
2025-05-03 01:34:02.288 [info] > git status -z -uall [17ms]
2025-05-03 01:34:11.403 [info] > git config --get commit.template [5ms]
2025-05-03 01:34:11.403 [info] > git for-each-ref --format=%(refname)%00%(upstream:short)%00%(objectname)%00%(upstream:track)%00%(upstream:remotename)%00%(upstream:remoteref) refs/heads/main refs/remotes/main [0ms]
2025-05-03 01:34:11.414 [info] > git for-each-ref --sort -committerdate --format %(refname)%00%(objectname)%00%(*objectname) [1ms]
2025-05-03 01:34:11.426 [info] > git status -z -uall [18ms]
2025-05-03 01:36:45.458 [info] > git config --get commit.template [6ms]
2025-05-03 01:36:45.459 [info] > git for-each-ref --format=%(refname)%00%(upstream:short)%00%(objectname)%00%(upstream:track)%00%(upstream:remotename)%00%(upstream:remoteref) refs/heads/main refs/remotes/main [2ms]
2025-05-03 01:36:45.471 [info] > git for-each-ref --sort -committerdate --format %(refname)%00%(objectname)%00%(*objectname) [1ms]
2025-05-03 01:36:45.483 [info] > git status -z -uall [19ms]
