2025-05-03 01:01:46.751 [info] Reading sessions from keychain...
2025-05-03 01:01:46.757 [info] Getting sessions for all scopes...
2025-05-03 01:01:46.757 [info] Getting sessions for all scopes...
2025-05-03 01:01:46.757 [info] Getting sessions for all scopes...
2025-05-03 01:01:46.786 [info] Getting sessions for all scopes...
2025-05-03 01:01:46.786 [info] Getting sessions for all scopes...
2025-05-03 01:01:46.786 [info] Getting sessions for all scopes...
2025-05-03 01:01:46.786 [info] Getting sessions for all scopes...
2025-05-03 01:01:46.787 [info] Getting sessions for all scopes...
2025-05-03 01:01:46.819 [info] Got 0 sessions for ...
2025-05-03 01:01:46.819 [info] Got 0 sessions for ...
2025-05-03 01:01:46.819 [info] Got 0 sessions for ...
2025-05-03 01:01:46.819 [info] Got 0 sessions for ...
2025-05-03 01:01:46.819 [info] Got 0 sessions for ...
2025-05-03 01:01:46.819 [info] Got 0 sessions for ...
2025-05-03 01:01:46.819 [info] Got 0 sessions for ...
2025-05-03 01:01:46.819 [info] Got 0 sessions for ...
2025-05-03 01:01:47.599 [info] Getting sessions for read:user,repo,user:email,workflow...
2025-05-03 01:01:47.599 [info] Got 0 sessions for read:user,repo,user:email,workflow...
2025-05-03 01:01:47.674 [info] Getting sessions for all scopes...
2025-05-03 01:01:47.674 [info] Got 0 sessions for ...
2025-05-03 01:01:48.404 [info] Getting sessions for all scopes...
2025-05-03 01:01:48.404 [info] Got 0 sessions for ...
