2025-05-03 01:40:45.351 [info] Reading sessions from keychain...
2025-05-03 01:40:45.351 [info] Getting sessions for all scopes...
2025-05-03 01:40:45.351 [info] Getting sessions for all scopes...
2025-05-03 01:40:45.351 [info] Getting sessions for all scopes...
2025-05-03 01:40:45.351 [info] Getting sessions for all scopes...
2025-05-03 01:40:45.351 [info] Getting sessions for all scopes...
2025-05-03 01:40:45.351 [info] Getting sessions for all scopes...
2025-05-03 01:40:45.351 [info] Getting sessions for all scopes...
2025-05-03 01:40:45.443 [info] Got 0 sessions for ...
2025-05-03 01:40:45.443 [info] Got 0 sessions for ...
2025-05-03 01:40:45.443 [info] Got 0 sessions for ...
2025-05-03 01:40:45.444 [info] Got 0 sessions for ...
2025-05-03 01:40:45.444 [info] Got 0 sessions for ...
2025-05-03 01:40:45.444 [info] Got 0 sessions for ...
2025-05-03 01:40:45.444 [info] Got 0 sessions for ...
2025-05-03 01:40:45.601 [info] Getting sessions for all scopes...
2025-05-03 01:40:45.602 [info] Got 0 sessions for ...
2025-05-03 01:40:46.090 [info] Getting sessions for read:user,repo,user:email,workflow...
2025-05-03 01:40:46.090 [info] Got 0 sessions for read:user,repo,user:email,workflow...
2025-05-03 01:40:46.171 [info] Getting sessions for all scopes...
2025-05-03 01:40:46.171 [info] Got 0 sessions for ...
2025-05-03 01:40:46.609 [info] Getting sessions for all scopes...
2025-05-03 01:40:46.609 [info] Got 0 sessions for ...
