2025-05-02 23:35:23.451 [info] Reading sessions from keychain...
2025-05-02 23:35:23.451 [info] Getting sessions for all scopes...
2025-05-02 23:35:23.451 [info] Getting sessions for all scopes...
2025-05-02 23:35:23.451 [info] Getting sessions for all scopes...
2025-05-02 23:35:23.451 [info] Got 0 sessions for ...
2025-05-02 23:35:23.451 [info] Got 0 sessions for ...
2025-05-02 23:35:23.451 [info] Got 0 sessions for ...
2025-05-02 23:35:23.453 [info] Getting sessions for all scopes...
2025-05-02 23:35:23.453 [info] Got 0 sessions for ...
2025-05-02 23:35:23.453 [info] Getting sessions for all scopes...
2025-05-02 23:35:23.453 [info] Got 0 sessions for ...
2025-05-02 23:35:23.453 [info] Getting sessions for all scopes...
2025-05-02 23:35:23.453 [info] Got 0 sessions for ...
2025-05-02 23:35:23.453 [info] Getting sessions for all scopes...
2025-05-02 23:35:23.453 [info] Got 0 sessions for ...
2025-05-02 23:35:23.453 [info] Getting sessions for all scopes...
2025-05-02 23:35:23.453 [info] Got 0 sessions for ...
2025-05-02 23:35:23.613 [info] Getting sessions for all scopes...
2025-05-02 23:35:23.613 [info] Got 0 sessions for ...
2025-05-02 23:35:25.216 [info] Getting sessions for all scopes...
2025-05-02 23:35:25.216 [info] Got 0 sessions for ...
2025-05-02 23:35:48.166 [info] Reading sessions from keychain...
2025-05-02 23:35:48.166 [info] Getting sessions for all scopes...
2025-05-02 23:35:48.166 [info] Getting sessions for all scopes...
2025-05-02 23:35:48.166 [info] Getting sessions for all scopes...
2025-05-02 23:35:48.166 [info] Getting sessions for all scopes...
2025-05-02 23:35:48.166 [info] Getting sessions for all scopes...
2025-05-02 23:35:48.166 [info] Getting sessions for all scopes...
2025-05-02 23:35:48.166 [info] Getting sessions for all scopes...
2025-05-02 23:35:48.166 [info] Getting sessions for all scopes...
2025-05-02 23:35:48.248 [info] Got 0 sessions for ...
2025-05-02 23:35:48.248 [info] Got 0 sessions for ...
2025-05-02 23:35:48.248 [info] Got 0 sessions for ...
2025-05-02 23:35:48.248 [info] Got 0 sessions for ...
2025-05-02 23:35:48.248 [info] Got 0 sessions for ...
2025-05-02 23:35:48.248 [info] Got 0 sessions for ...
2025-05-02 23:35:48.248 [info] Got 0 sessions for ...
2025-05-02 23:35:48.248 [info] Got 0 sessions for ...
2025-05-02 23:35:48.255 [info] Getting sessions for all scopes...
2025-05-02 23:35:48.255 [info] Got 0 sessions for ...
2025-05-02 23:35:48.619 [info] Getting sessions for all scopes...
2025-05-02 23:35:48.619 [info] Got 0 sessions for ...
2025-05-02 23:35:49.745 [info] Getting sessions for all scopes...
2025-05-02 23:35:49.745 [info] Got 0 sessions for ...
2025-05-02 23:35:49.889 [info] Getting sessions for read:user,repo,user:email,workflow...
2025-05-02 23:35:49.889 [info] Got 0 sessions for read:user,repo,user:email,workflow...
