2025-05-02 23:35:23.295 [info] Extension host with pid 27162 started
2025-05-02 23:35:23.354 [info] ExtensionService#_doActivateExtension vscode.github-authentication, startup: false, activationEvent: 'onAuthenticationRequest:github'
2025-05-02 23:35:23.384 [info] ExtensionService#_doActivateExtension vscode.emmet, startup: false, activationEvent: 'onLanguage'
2025-05-02 23:35:23.462 [info] ExtensionService#_doActivateExtension vscode.git-base, startup: true, activationEvent: '*'
2025-05-02 23:35:23.465 [info] ExtensionService#_doActivateExtension vscode.configuration-editing, startup: false, activationEvent: 'onLanguage:jsonc'
2025-05-02 23:35:23.473 [info] ExtensionService#_doActivateExtension vscode.json-language-features, startup: false, activationEvent: 'onLanguage:jsonc'
2025-05-02 23:35:23.521 [info] ExtensionService#_doActivateExtension vscode.typescript-language-features, startup: false, activationEvent: 'onLanguage:jsonc'
2025-05-02 23:35:23.616 [info] ExtensionService#_doActivateExtension vscode.github, startup: true, activationEvent: '*'
2025-05-02 23:35:23.647 [info] Eager extensions activated
2025-05-02 23:35:23.680 [info] ExtensionService#_doActivateExtension vscode.debug-auto-launch, startup: false, activationEvent: 'onStartupFinished'
2025-05-02 23:35:23.694 [info] ExtensionService#_doActivateExtension vscode.merge-conflict, startup: false, activationEvent: 'onStartupFinished'
2025-05-02 23:35:46.723 [info] Extension host terminating: renderer closed the MessagePort
2025-05-02 23:35:46.746 [info] Extension host with pid 27162 exiting with code 0
2025-05-02 23:35:47.629 [info] Extension host with pid 27241 started
2025-05-02 23:35:47.630 [info] Skipping acquiring lock for /home/ares/.config/Code/User/workspaceStorage/ee459f19c0a1b9e094e080edb2796832.
2025-05-02 23:35:47.783 [info] ExtensionService#_doActivateExtension vscode.github-authentication, startup: false, activationEvent: 'onAuthenticationRequest:github'
2025-05-02 23:35:47.816 [info] ExtensionService#_doActivateExtension vscode.emmet, startup: false, activationEvent: 'onLanguage'
2025-05-02 23:35:47.840 [info] ExtensionService#_doActivateExtension vscode.typescript-language-features, startup: false, activationEvent: 'onLanguage:javascriptreact'
2025-05-02 23:35:48.191 [info] ExtensionService#_doActivateExtension vscode.git-base, startup: true, activationEvent: '*', root cause: vscode.git
2025-05-02 23:35:48.195 [info] ExtensionService#_doActivateExtension dlasagno.wal-theme, startup: true, activationEvent: '*'
2025-05-02 23:35:48.286 [info] ExtensionService#_doActivateExtension vscode.git, startup: true, activationEvent: '*'
2025-05-02 23:35:48.376 [info] ExtensionService#_doActivateExtension vscode.github, startup: true, activationEvent: '*'
2025-05-02 23:35:48.615 [info] Eager extensions activated
2025-05-02 23:35:48.749 [info] ExtensionService#_doActivateExtension vscode.debug-auto-launch, startup: false, activationEvent: 'onStartupFinished'
2025-05-02 23:35:48.753 [info] ExtensionService#_doActivateExtension vscode.merge-conflict, startup: false, activationEvent: 'onStartupFinished'
2025-05-02 23:36:19.391 [warning] [Decorations] CAPPING events from decorations provider vscode.git 3329
2025-05-02 23:36:23.733 [info] ExtensionService#_doActivateExtension vscode.npm, startup: false, activationEvent: 'onTerminalQuickFixRequest:ms-vscode.npm-command'
2025-05-02 23:36:28.790 [info] ExtensionService#_doActivateExtension vscode.configuration-editing, startup: false, activationEvent: 'onLanguage:json'
2025-05-02 23:36:28.796 [info] ExtensionService#_doActivateExtension vscode.extension-editing, startup: false, activationEvent: 'onLanguage:json'
2025-05-02 23:36:28.843 [info] ExtensionService#_doActivateExtension vscode.json-language-features, startup: false, activationEvent: 'onLanguage:json'
2025-05-02 23:50:42.381 [warning] [Decorations] CAPPING events from decorations provider vscode.git 3332
