2025-05-02 23:35:48.712 [info] [main] Log level: Info
2025-05-02 23:35:48.712 [info] [main] Validating found git in: "git"
2025-05-02 23:35:48.712 [info] [main] Using git "2.49.0" from "git"
2025-05-02 23:35:48.712 [info] [Model][doInitialScan] Initial repository scan started
2025-05-02 23:35:48.712 [info] > git rev-parse --show-toplevel [9ms]
2025-05-02 23:35:48.712 [info] > git rev-parse --git-dir --git-common-dir [7ms]
2025-05-02 23:35:48.712 [info] [Model][openRepository] Opened repository: /home/ares/Documents/Identity-management
2025-05-02 23:35:48.804 [info] > git rev-parse --show-toplevel [74ms]
2025-05-02 23:35:48.804 [info] > git config --get commit.template [85ms]
2025-05-02 23:35:48.844 [info] > git rev-parse --show-toplevel [11ms]
2025-05-02 23:35:48.865 [info] > git for-each-ref --format=%(refname)%00%(upstream:short)%00%(objectname)%00%(upstream:track)%00%(upstream:remotename)%00%(upstream:remoteref) refs/heads/main refs/remotes/main [23ms]
2025-05-02 23:35:48.871 [warning] [Git][revParse] Unable to read file: ENOENT: no such file or directory, open '/home/ares/Documents/Identity-management/.git/refs/remotes/origin/main'
2025-05-02 23:35:48.872 [info] > git rev-parse --show-toplevel [18ms]
2025-05-02 23:35:48.876 [info] [Model][doInitialScan] Initial repository scan completed - repositories (1), closed repositories (0), parent repositories (0), unsafe repositories (0)
2025-05-02 23:35:48.878 [info] > git rev-parse refs/remotes/origin/main [7ms]
2025-05-02 23:35:48.895 [info] > git for-each-ref --sort -committerdate --format %(refname)%00%(objectname)%00%(*objectname) [3ms]
2025-05-02 23:35:49.035 [info] > git show --textconv :identity-management/src/pages/Dashboard.jsx [10ms]
2025-05-02 23:35:49.037 [info] > git ls-files --stage -- identity-management/src/pages/Dashboard.jsx [2ms]
2025-05-02 23:35:49.048 [info] > git cat-file -s c5304c11ade8ff84e9fa746e3dad6883d5c7cbaf [4ms]
2025-05-02 23:35:49.317 [info] > git check-ignore -v -z --stdin [14ms]
2025-05-02 23:35:49.849 [info] > git status -z -uall [963ms]
2025-05-02 23:35:49.874 [info] > git for-each-ref --format=%(refname)%00%(upstream:short)%00%(objectname)%00%(upstream:track)%00%(upstream:remotename)%00%(upstream:remoteref) refs/heads/main refs/remotes/main [8ms]
2025-05-02 23:35:49.884 [info] > git config --get --local branch.main.vscode-merge-base [2ms]
2025-05-02 23:35:49.888 [info] > git config --get commit.template [16ms]
2025-05-02 23:35:49.895 [info] > git for-each-ref --format=%(refname)%00%(upstream:short)%00%(objectname)%00%(upstream:track)%00%(upstream:remotename)%00%(upstream:remoteref) refs/heads/origin/main refs/remotes/origin/main [7ms]
2025-05-02 23:35:49.901 [info] > git for-each-ref --format=%(refname)%00%(upstream:short)%00%(objectname)%00%(upstream:track)%00%(upstream:remotename)%00%(upstream:remoteref) refs/heads/main refs/remotes/main [7ms]
2025-05-02 23:35:49.905 [warning] [Git][revParse] Unable to read file: ENOENT: no such file or directory, open '/home/ares/Documents/Identity-management/.git/refs/remotes/origin/main'
2025-05-02 23:35:49.905 [info] > git merge-base refs/heads/main refs/remotes/origin/main [5ms]
2025-05-02 23:35:49.911 [info] > git rev-parse refs/remotes/origin/main [6ms]
2025-05-02 23:35:49.922 [info] > git diff --name-status -z --diff-filter=ADMR 0e956cbfd3e2d4d53b51753fa2cb94db0cb76bc9...refs/remotes/origin/main [11ms]
2025-05-02 23:35:49.923 [info] > git for-each-ref --sort -committerdate --format %(refname)%00%(objectname)%00%(*objectname) [2ms]
2025-05-02 23:35:50.171 [info] > git status -z -uall [255ms]
2025-05-02 23:35:56.465 [info] > git blame --root --incremental 0e956cbfd3e2d4d53b51753fa2cb94db0cb76bc9 -- identity-management/src/pages/Dashboard.jsx [1ms]
2025-05-02 23:36:11.686 [info] > git config --get commit.template [4ms]
2025-05-02 23:36:11.686 [info] > git for-each-ref --format=%(refname)%00%(upstream:short)%00%(objectname)%00%(upstream:track)%00%(upstream:remotename)%00%(upstream:remoteref) refs/heads/main refs/remotes/main [0ms]
2025-05-02 23:36:11.690 [warning] [Git][revParse] Unable to read file: ENOENT: no such file or directory, open '/home/ares/Documents/Identity-management/.git/refs/remotes/origin/main'
2025-05-02 23:36:11.690 [info] > git rev-parse refs/remotes/origin/main [0ms]
2025-05-02 23:36:11.698 [info] > git for-each-ref --sort -committerdate --format %(refname)%00%(objectname)%00%(*objectname) [1ms]
2025-05-02 23:36:11.784 [info] > git ls-files --stage -- identity-management/src/pages/Dashboard.jsx [1ms]
2025-05-02 23:36:11.788 [info] > git cat-file -s c5304c11ade8ff84e9fa746e3dad6883d5c7cbaf [1ms]
2025-05-02 23:36:11.795 [info] > git show --textconv :identity-management/src/pages/Dashboard.jsx [2ms]
2025-05-02 23:36:11.881 [info] > git status -z -uall [188ms]
2025-05-02 23:36:19.159 [info] > git config --get commit.template [6ms]
2025-05-02 23:36:19.160 [info] > git for-each-ref --format=%(refname)%00%(upstream:short)%00%(objectname)%00%(upstream:track)%00%(upstream:remotename)%00%(upstream:remoteref) refs/heads/main refs/remotes/main [2ms]
2025-05-02 23:36:19.170 [info] > git for-each-ref --sort -committerdate --format %(refname)%00%(objectname)%00%(*objectname) [1ms]
2025-05-02 23:36:19.345 [info] > git status -z -uall [181ms]
2025-05-02 23:36:19.353 [info] > git merge-base refs/heads/main refs/remotes/origin/main [1ms]
2025-05-02 23:36:19.364 [info] > git diff --name-status -z --diff-filter=ADMR 0e956cbfd3e2d4d53b51753fa2cb94db0cb76bc9...refs/remotes/origin/main [7ms]
2025-05-02 23:36:20.322 [info] > git ls-files --stage -- identity-management/src/pages/Dashboard.jsx [1ms]
2025-05-02 23:36:20.326 [info] > git cat-file -s c5304c11ade8ff84e9fa746e3dad6883d5c7cbaf [0ms]
2025-05-02 23:36:20.332 [info] > git show --textconv :identity-management/src/pages/Dashboard.jsx [2ms]
2025-05-02 23:36:24.626 [info] > git config --get commit.template [3ms]
2025-05-02 23:36:24.626 [info] > git for-each-ref --format=%(refname)%00%(upstream:short)%00%(objectname)%00%(upstream:track)%00%(upstream:remotename)%00%(upstream:remoteref) refs/heads/main refs/remotes/main [1ms]
2025-05-02 23:36:24.634 [info] > git for-each-ref --sort -committerdate --format %(refname)%00%(objectname)%00%(*objectname) [0ms]
2025-05-02 23:36:24.724 [info] > git ls-files --stage -- identity-management/src/pages/Dashboard.jsx [1ms]
2025-05-02 23:36:24.727 [info] > git cat-file -s c5304c11ade8ff84e9fa746e3dad6883d5c7cbaf [0ms]
2025-05-02 23:36:24.733 [info] > git show --textconv :identity-management/src/pages/Dashboard.jsx [2ms]
2025-05-02 23:36:24.810 [info] > git status -z -uall [181ms]
2025-05-02 23:37:01.888 [info] > git show --textconv :identity-management/package.json [4ms]
2025-05-02 23:37:01.889 [info] > git ls-files --stage -- identity-management/package.json [1ms]
2025-05-02 23:37:01.895 [info] > git cat-file -s 94df88bba43896039b92b305f8813b49225c7dba [1ms]
2025-05-02 23:37:20.591 [info] > git show --textconv :identity-management/package-lock.json [6ms]
2025-05-02 23:37:20.592 [info] > git ls-files --stage -- identity-management/package-lock.json [1ms]
2025-05-02 23:37:20.596 [info] > git cat-file -s cebb62369df21c0ee319ae809efbe7f0d7870b50 [1ms]
2025-05-02 23:38:11.586 [info] > git check-ignore -v -z --stdin [2ms]
2025-05-02 23:50:42.171 [info] > git config --get commit.template [5ms]
2025-05-02 23:50:42.171 [info] > git for-each-ref --format=%(refname)%00%(upstream:short)%00%(objectname)%00%(upstream:track)%00%(upstream:remotename)%00%(upstream:remoteref) refs/heads/main refs/remotes/main [1ms]
2025-05-02 23:50:42.183 [info] > git for-each-ref --sort -committerdate --format %(refname)%00%(objectname)%00%(*objectname) [1ms]
2025-05-02 23:50:42.359 [info] > git status -z -uall [182ms]
2025-05-02 23:50:42.372 [info] > git merge-base refs/heads/main refs/remotes/origin/main [6ms]
2025-05-02 23:50:42.377 [info] > git config --get commit.template [6ms]
2025-05-02 23:50:42.377 [info] > git diff --name-status -z --diff-filter=ADMR 0e956cbfd3e2d4d53b51753fa2cb94db0cb76bc9...refs/remotes/origin/main [1ms]
2025-05-02 23:50:42.392 [info] > git for-each-ref --format=%(refname)%00%(upstream:short)%00%(objectname)%00%(upstream:track)%00%(upstream:remotename)%00%(upstream:remoteref) refs/heads/main refs/remotes/main [1ms]
2025-05-02 23:50:42.402 [info] > git for-each-ref --sort -committerdate --format %(refname)%00%(objectname)%00%(*objectname) [1ms]
2025-05-02 23:50:42.597 [info] > git status -z -uall [201ms]
2025-05-02 23:50:45.431 [info] > git config --get commit.template [4ms]
2025-05-02 23:50:45.432 [info] > git for-each-ref --format=%(refname)%00%(upstream:short)%00%(objectname)%00%(upstream:track)%00%(upstream:remotename)%00%(upstream:remoteref) refs/heads/main refs/remotes/main [1ms]
2025-05-02 23:50:45.444 [info] > git for-each-ref --sort -committerdate --format %(refname)%00%(objectname)%00%(*objectname) [1ms]
2025-05-02 23:50:45.458 [info] > git status -z -uall [21ms]
2025-05-02 23:50:45.465 [info] > git merge-base refs/heads/main refs/remotes/origin/main [1ms]
2025-05-02 23:50:45.471 [info] > git diff --name-status -z --diff-filter=ADMR 6da04b68e9dc39743deb405e5b6057af7646d588...refs/remotes/origin/main [1ms]
2025-05-02 23:50:47.607 [info] > git config --get commit.template [3ms]
2025-05-02 23:50:47.608 [info] > git for-each-ref --format=%(refname)%00%(upstream:short)%00%(objectname)%00%(upstream:track)%00%(upstream:remotename)%00%(upstream:remoteref) refs/heads/main refs/remotes/main [1ms]
2025-05-02 23:50:47.617 [info] > git for-each-ref --sort -committerdate --format %(refname)%00%(objectname)%00%(*objectname) [1ms]
2025-05-02 23:50:47.630 [info] > git status -z -uall [18ms]
