2025-05-03 00:25:14.185 [info] Reading sessions from keychain...
2025-05-03 00:25:14.185 [info] Getting sessions for all scopes...
2025-05-03 00:25:14.185 [info] Getting sessions for all scopes...
2025-05-03 00:25:14.185 [info] Getting sessions for all scopes...
2025-05-03 00:25:14.185 [info] Got 0 sessions for ...
2025-05-03 00:25:14.185 [info] Got 0 sessions for ...
2025-05-03 00:25:14.185 [info] Got 0 sessions for ...
2025-05-03 00:25:14.185 [info] Getting sessions for all scopes...
2025-05-03 00:25:14.185 [info] Got 0 sessions for ...
2025-05-03 00:25:14.185 [info] Getting sessions for all scopes...
2025-05-03 00:25:14.185 [info] Got 0 sessions for ...
2025-05-03 00:25:14.185 [info] Getting sessions for all scopes...
2025-05-03 00:25:14.185 [info] Got 0 sessions for ...
2025-05-03 00:25:14.185 [info] Getting sessions for all scopes...
2025-05-03 00:25:14.185 [info] Got 0 sessions for ...
2025-05-03 00:25:14.185 [info] Getting sessions for all scopes...
2025-05-03 00:25:14.185 [info] Got 0 sessions for ...
2025-05-03 00:25:14.228 [info] Getting sessions for all scopes...
2025-05-03 00:25:14.228 [info] Got 0 sessions for ...
2025-05-03 00:25:14.625 [info] Getting sessions for all scopes...
2025-05-03 00:25:14.625 [info] Got 0 sessions for ...
2025-05-03 00:25:15.032 [info] Getting sessions for read:user,repo,user:email,workflow...
2025-05-03 00:25:15.032 [info] Got 0 sessions for read:user,repo,user:email,workflow...
2025-05-03 00:25:15.583 [info] Getting sessions for all scopes...
2025-05-03 00:25:15.583 [info] Got 0 sessions for ...
